当前时间: 17:29:24.34
当前日期: 2020/05/15 周五
DiskExt v1.2 - Disk extent dumper
Copyright (C) 2001-2016 Mark Russinovich
Sysinternals - www.sysinternals.com

Volume: \\?\Volume{a4980214-5dc7-4d7b-bb38-c399f5d9f395}\
   Mounted at: D:\
   Extent [1]:
       Disk:   0
       Offset: 1048576
       Length: 921686769664
Volume: \\?\Volume{aac20097-e045-496d-8649-2934c87556a9}\
   Mounted at: E:\
   Extent [1]:
       Disk:   0
       Offset: 986112327680
       Length: 14091812864
Volume: \\?\Volume{156943ca-161a-40ad-bdda-9e095e16c626}\
   Mounted at: C:\
   Extent [1]:
       Disk:   1
       Offset: 290455552
       Length: 126710972416
Volume: \\?\Volume{7985a5b6-6cf6-4665-b22d-33b18701ecd1}\
   Mounted at: <unmounted>
   Extent [1]:
       Disk:   1
       Offset: 127001427968
       Length: 1027604480
Volume: \\?\Volume{fee3b5b9-d16a-479d-8e82-ba93b82b61b1}\
   Mounted at: F:\
   Extent [1]:
       Disk:   2
       Offset: 1048576
       Length: 2000363192320
       Sysinternals Autoruns v13.96 - Autostart program viewer
Copyright (C) 2002-2019 Mark Russinovich
Sysinternals - www.sysinternals.com


HKLM\System\CurrentControlSet\Control\Terminal Server\Wds\rdpwd\StartupPrograms
   rdpclip
     rdpclip
     RDP ???????
     Microsoft Corporation
     10.0.17763.1039
     c:\windows\system32\rdpclip.exe
     2012/5/2 15:30

HKLM\SOFTWARE\Microsoft\Windows NT\CurrentVersion\Winlogon\Userinit
   C:\Windows\system32\userinit.exe
     C:\Windows\system32\userinit.exe
     Userinit ??????
     Microsoft Corporation
     10.0.17763.1
     c:\windows\system32\userinit.exe
     1958/12/31 19:49

HKLM\SOFTWARE\Microsoft\Windows NT\CurrentVersion\Winlogon\VmApplet
   SystemPropertiesPerformance.exe
     SystemPropertiesPerformance.exe
     ?????????
     Microsoft Corporation
     10.0.17763.1
     c:\windows\system32\systempropertiesperformance.exe
     1907/12/27 9:03

HKLM\SOFTWARE\Microsoft\Windows NT\CurrentVersion\Winlogon\Shell
   explorer.exe
     explorer.exe
     Windows ?????
     Microsoft Corporation
     10.0.17763.1007
     c:\windows\explorer.exe
     1938/1/16 11:47

HKLM\SYSTEM\CurrentControlSet\Control\SafeBoot\AlternateShell
   cmd.exe
     cmd.exe
     Windows ??????
     Microsoft Corporation
     10.0.17763.592
     c:\windows\system32\cmd.exe
     1917/2/7 4:12

HKLM\SOFTWARE\Microsoft\Windows\CurrentVersion\Run
   SecurityHealth
     %windir%\system32\SecurityHealthSystray.exe
     Windows Security notification icon
     Microsoft Corporation
     10.0.17763.1
     c:\windows\system32\securityhealthsystray.exe
     1906/7/2 10:12
   RTHDVCPL
     "C:\Program Files\Realtek\Audio\HDA\RtkNGUI64.exe" -s
     Realtek????????
     Realtek Semiconductor
     1.0.699.0
     c:\program files\realtek\audio\hda\rtkngui64.exe
     2019/3/12 17:14

HKLM\SOFTWARE\Wow6432Node\Microsoft\Windows\CurrentVersion\Run
   360Safetray
     "D:\Program Files (x86)\360\360safe\safemon\360Tray.exe" /start
     360???? ????????
     360.cn
     12.0.0.1221
     d:\program files (x86)\360\360safe\safemon\360tray.exe
     2020/4/9 19:30
   WDDriveAgent
     C:\Program Files (x86)\Western Digital\WD Drive Agent\WDDriveAgent.exe
     WD Drive Agent
     Western Digital Technologies, Inc.
     1.1.0.18
     c:\program files (x86)\western digital\wd drive agent\wddriveagent.exe
     2018/3/26 19:13
   vmware-tray.exe
     "D:\Program Files (x86)\vmware\vmware-tray.exe"
     VMware Tray Process
     VMware, Inc.
     15.5.1.50853
     d:\program files (x86)\vmware\vmware-tray.exe
     2019/11/5 12:11

HKLM\SOFTWARE\Microsoft\Active Setup\Installed Components
   Microsoft Windows Media Player
     %SystemRoot%\system32\unregmp2.exe /ShowWMP
     Microsoft Windows Media Player ??????
     Microsoft Corporation
     12.0.17763.1
     c:\windows\system32\unregmp2.exe
     1990/9/30 15:30
   Themes Setup
     themeui.dll
     Windows ?? API
     Microsoft Corporation
     10.0.17763.55
     c:\windows\system32\themeui.dll
     1961/12/25 17:09
   Microsoft Windows Media Player
     %SystemRoot%\system32\unregmp2.exe /FirstLogon
     Microsoft Windows Media Player ??????
     Microsoft Corporation
     12.0.17763.1
     c:\windows\system32\unregmp2.exe
     1990/9/30 15:30
   Windows Desktop Update
     shell32.dll
     Windows Shell ?? DLL
     Microsoft Corporation
     10.0.17763.1007
     c:\windows\system32\shell32.dll
     1945/12/7 11:12
   Web Platform Customizations
     C:\Windows\System32\ie4uinit.exe -UserConfig
     IE ????????
     Microsoft Corporation
     11.0.17763.652
     c:\windows\system32\ie4uinit.exe
     1981/7/11 5:04
   n/a
     C:\Windows\System32\Rundll32.exe C:\Windows\System32\mscories.dll,Install
     Microsoft .NET IE SECURITY REGISTRATION
     Microsoft Corporation
     2.0.50727.9031
     c:\windows\system32\mscories.dll
     2018/8/8 11:18
   Google Chrome
     "C:\Program Files (x86)\Google\Chrome\Application\80.0.3987.149\Installer\chrmstp.exe" --configure-user-settings --verbose-logging --system-level
     Google Chrome Installer
     Google LLC
     80.0.3987.149
     c:\program files (x86)\google\chrome\application\80.0.3987.149\installer\chrmstp.exe
     2020/3/17 2:53

HKLM\SOFTWARE\Wow6432Node\Microsoft\Active Setup\Installed Components
   Microsoft Windows Media Player
     %SystemRoot%\system32\unregmp2.exe /ShowWMP
     Microsoft Windows Media Player Setup Utility
     Microsoft Corporation
     12.0.17763.1
     c:\windows\syswow64\unregmp2.exe
     2036/1/3 17:22
   Microsoft Windows Media Player
     %SystemRoot%\system32\unregmp2.exe /FirstLogon
     Microsoft Windows Media Player Setup Utility
     Microsoft Corporation
     12.0.17763.1
     c:\windows\syswow64\unregmp2.exe
     2036/1/3 17:22
   n/a
     C:\Windows\SysWOW64\Rundll32.exe C:\Windows\SysWOW64\mscories.dll,Install
     Microsoft .NET IE SECURITY REGISTRATION
     Microsoft Corporation
     2.0.50727.9031
     c:\windows\syswow64\mscories.dll
     2018/8/8 11:28

HKLM\Software\Microsoft\Windows NT\CurrentVersion\Windows\IconServiceLib
   IconCodecService.dll
     IconCodecService.dll
     Converts a PNG part of the icon to a legacy bmp icon
     Microsoft Corporation
     10.0.17763.1
     c:\windows\system32\iconcodecservice.dll
     1956/5/9 8:37

HKCU\SOFTWARE\Microsoft\Windows\CurrentVersion\Run
   ctfmon
     C:\Windows\system32\ctfmon.exe
     CTF ????
     Microsoft Corporation
     10.0.17763.1
     c:\windows\system32\ctfmon.exe
     2008/11/19 15:37
   360DesktopLite
     "C:\Users\809501520\AppData\Roaming\Desktoplite\360DesktopLite64.exe" /auto
     ????
     360.cn
     11.0.0.1521
     c:\users\809501520\appdata\roaming\desktoplite\360desktoplite64.exe
     2019/2/28 17:32
   Thunder
     F:\download\Thunder\Program\Thunder.exe -silent -StartType:AutoRun
     ??X
     ?????????????
     10.1.33.770
     f:\download\thunder\program\thunder.exe
     2020/4/3 15:29

HKCU\SOFTWARE\Microsoft\Windows\CurrentVersion\Run
   ctfmon
     C:\Windows\system32\ctfmon.exe
     CTF ????
     Microsoft Corporation
     10.0.17763.1
     c:\windows\system32\ctfmon.exe
     2008/11/19 15:37
   360DesktopLite
     "C:\Users\809501520\AppData\Roaming\Desktoplite\360DesktopLite64.exe" /auto
     ????
     360.cn
     11.0.0.1521
     c:\users\809501520\appdata\roaming\desktoplite\360desktoplite64.exe
     2019/2/28 17:32
   Thunder
     F:\download\Thunder\Program\Thunder.exe -silent -StartType:AutoRun
     ??X
     ?????????????
     10.1.33.770
     f:\download\thunder\program\thunder.exe
     2020/4/3 15:29
     SERVICE_NAME: 1394ohci
SERVICE_NAME: 360AntiHacker
SERVICE_NAME: 360AntiHijack
SERVICE_NAME: 360Box64
SERVICE_NAME: 360Camera
SERVICE_NAME: 360DesktopLiteApp
SERVICE_NAME: 360FsFlt
SERVICE_NAME: 360Hvm
SERVICE_NAME: 360netmon
SERVICE_NAME: 360qpesv
SERVICE_NAME: 360reskit64
SERVICE_NAME: 3ware
SERVICE_NAME: Accelerometer
SERVICE_NAME: ACPI
SERVICE_NAME: AcpiDev
SERVICE_NAME: acpiex
SERVICE_NAME: acpipagr
SERVICE_NAME: AcpiPmi
SERVICE_NAME: acpitime
SERVICE_NAME: ADP80XX
SERVICE_NAME: AFD
SERVICE_NAME: afunix
SERVICE_NAME: ahcache
SERVICE_NAME: AJRouter
SERVICE_NAME: ALG
SERVICE_NAME: AmdK8
SERVICE_NAME: AmdPPM
SERVICE_NAME: amdsata
SERVICE_NAME: amdsbs
Windows IP 配置

   主机名  . . . . . . . . . . . . . : DESKTOP-5R2AIB8
   主 DNS 后缀 . . . . . . . . . . . :
   节点类型  . . . . . . . . . . . . : 混合
   IP 路由已启用 . . . . . . . . . . : 否
   WINS 代理已启用 . . . . . . . . . : 否
   DNS 后缀搜索列表  . . . . . . . . : tendawifi.com

以太网适配器 以太网:

   媒体状态  . . . . . . . . . . . . : 媒体已断开连接
   连接特定的 DNS 后缀 . . . . . . . :
   描述. . . . . . . . . . . . . . . : Realtek Gaming GbE Family Controller
   物理地址. . . . . . . . . . . . . : AC-E2-D3-5A-D7-06
   DHCP 已启用 . . . . . . . . . . . : 是
   自动配置已启用. . . . . . . . . . : 是

以太网适配器 Npcap Loopback Adapter:

   连接特定的 DNS 后缀 . . . . . . . :
   描述. . . . . . . . . . . . . . . : Npcap Loopback Adapter
   物理地址. . . . . . . . . . . . . : 02-00-4C-4F-4F-50
   DHCP 已启用 . . . . . . . . . . . : 是
   自动配置已启用. . . . . . . . . . : 是
   本地链接 IPv6 地址. . . . . . . . : fe80::29b8:c49f:c1e:8639%8(首选)
   自动配置 IPv4 地址  . . . . . . . : 169.254.134.57(首选)
   子网掩码  . . . . . . . . . . . . : 255.255.0.0
   默认网关. . . . . . . . . . . . . :
   DHCPv6 IAID . . . . . . . . . . . : 889323596
   DHCPv6 客户端 DUID  . . . . . . . : 00-01-00-01-24-D2-02-D2-02-00-4C-4F-4F-50
   DNS 服务器  . . . . . . . . . . . : fec0:0:0:ffff::1%1
                                       fec0:0:0:ffff::2%1
                                       fec0:0:0:ffff::3%1
   TCPIP 上的 NetBIOS  . . . . . . . : 已启用

无线局域网适配器 本地连接* 8:

   媒体状态  . . . . . . . . . . . . : 媒体已断开连接
   连接特定的 DNS 后缀 . . . . . . . :
   描述. . . . . . . . . . . . . . . : Microsoft Wi-Fi Direct Virtual Adapter
   物理地址. . . . . . . . . . . . . : B2-52-16-55-2E-41
   DHCP 已启用 . . . . . . . . . . . : 是
   自动配置已启用. . . . . . . . . . : 是

无线局域网适配器 本地连接* 10:

   媒体状态  . . . . . . . . . . . . : 媒体已断开连接
   连接特定的 DNS 后缀 . . . . . . . :
   描述. . . . . . . . . . . . . . . : Microsoft Wi-Fi Direct Virtual Adapter #2
   物理地址. . . . . . . . . . . . . : F2-52-16-55-2E-41
   DHCP 已启用 . . . . . . . . . . . : 是
   自动配置已启用. . . . . . . . . . : 是

以太网适配器 以太网 2:

   媒体状态  . . . . . . . . . . . . : 媒体已断开连接
   连接特定的 DNS 后缀 . . . . . . . :
   描述. . . . . . . . . . . . . . . : TAP-Windows Adapter V9
   物理地址. . . . . . . . . . . . . : 00-FF-BE-6F-DA-ED
   DHCP 已启用 . . . . . . . . . . . : 是
   自动配置已启用. . . . . . . . . . : 是

以太网适配器 VMware Network Adapter VMnet1:

   连接特定的 DNS 后缀 . . . . . . . :
   描述. . . . . . . . . . . . . . . : VMware Virtual Ethernet Adapter for VMnet1
   物理地址. . . . . . . . . . . . . : 00-50-56-C0-00-01
   DHCP 已启用 . . . . . . . . . . . : 否
   自动配置已启用. . . . . . . . . . : 是
   本地链接 IPv6 地址. . . . . . . . : fe80::fd75:7b6f:d918:5ae%12(首选)
   IPv4 地址 . . . . . . . . . . . . : 192.168.78.1(首选)
   子网掩码  . . . . . . . . . . . . : 255.255.255.0
   默认网关. . . . . . . . . . . . . :
   DHCPv6 IAID . . . . . . . . . . . : 67129430
   DHCPv6 客户端 DUID  . . . . . . . : 00-01-00-01-24-D2-02-D2-02-00-4C-4F-4F-50
   DNS 服务器  . . . . . . . . . . . : fec0:0:0:ffff::1%1
                                       fec0:0:0:ffff::2%1
                                       fec0:0:0:ffff::3%1
   TCPIP 上的 NetBIOS  . . . . . . . : 已启用

以太网适配器 VMware Network Adapter VMnet8:

   连接特定的 DNS 后缀 . . . . . . . :
   描述. . . . . . . . . . . . . . . : VMware Virtual Ethernet Adapter for VMnet8
   物理地址. . . . . . . . . . . . . : 00-50-56-C0-00-08
   DHCP 已启用 . . . . . . . . . . . : 否
   自动配置已启用. . . . . . . . . . : 是
   本地链接 IPv6 地址. . . . . . . . : fe80::4501:3ae9:29ee:e72f%5(首选)
   IPv4 地址 . . . . . . . . . . . . : 192.168.197.1(首选)
   子网掩码  . . . . . . . . . . . . : 255.255.255.0
   默认网关. . . . . . . . . . . . . :
   DHCPv6 IAID . . . . . . . . . . . : 553668694
   DHCPv6 客户端 DUID  . . . . . . . : 00-01-00-01-24-D2-02-D2-02-00-4C-4F-4F-50
   DNS 服务器  . . . . . . . . . . . : fec0:0:0:ffff::1%1
                                       fec0:0:0:ffff::2%1
                                       fec0:0:0:ffff::3%1
   TCPIP 上的 NetBIOS  . . . . . . . : 已启用

无线局域网适配器 WLAN:

   连接特定的 DNS 后缀 . . . . . . . : tendawifi.com
   描述. . . . . . . . . . . . . . . : Realtek RTL8822BE 802.11ac PCIe Adapter
   物理地址. . . . . . . . . . . . . : B0-52-16-55-2E-41
   DHCP 已启用 . . . . . . . . . . . : 是
   自动配置已启用. . . . . . . . . . : 是
   本地链接 IPv6 地址. . . . . . . . : fe80::c987:300:1376:8329%3(首选)
   IPv4 地址 . . . . . . . . . . . . : 192.168.0.195(首选)
   子网掩码  . . . . . . . . . . . . : 255.255.255.0
   获得租约的时间  . . . . . . . . . : 2020年5月15日 10:10:37
   租约过期的时间  . . . . . . . . . : 2020年5月16日 14:02:25
   默认网关. . . . . . . . . . . . . : 192.168.0.1
   DHCP 服务器 . . . . . . . . . . . : 192.168.0.1
   DHCPv6 IAID . . . . . . . . . . . : 414208534
   DHCPv6 客户端 DUID  . . . . . . . : 00-01-00-01-24-D2-02-D2-02-00-4C-4F-4F-50
   DNS 服务器  . . . . . . . . . . . : 192.168.0.1
   TCPIP 上的 NetBIOS  . . . . . . . : 已启用

以太网适配器 以太网 3:

   媒体状态  . . . . . . . . . . . . : 媒体已断开连接
   连接特定的 DNS 后缀 . . . . . . . :
   描述. . . . . . . . . . . . . . . : Sangfor SSL VPN CS Support System VNIC
   物理地址. . . . . . . . . . . . . : 00-FF-6A-E7-24-DE
   DHCP 已启用 . . . . . . . . . . . : 否
   自动配置已启用. . . . . . . . . . : 是
   活动连接

  协议  本地地址          外部地址        状态
===========================================================================
接口列表
 22...ac e2 d3 5a d7 06 ......Realtek Gaming GbE Family Controller
  8...02 00 4c 4f 4f 50 ......Npcap Loopback Adapter
 19...b2 52 16 55 2e 41 ......Microsoft Wi-Fi Direct Virtual Adapter
 11...f2 52 16 55 2e 41 ......Microsoft Wi-Fi Direct Virtual Adapter #2
 17...00 ff be 6f da ed ......TAP-Windows Adapter V9
 12...00 50 56 c0 00 01 ......VMware Virtual Ethernet Adapter for VMnet1
  5...00 50 56 c0 00 08 ......VMware Virtual Ethernet Adapter for VMnet8
  3...b0 52 16 55 2e 41 ......Realtek RTL8822BE 802.11ac PCIe Adapter
  9...00 ff 6a e7 24 de ......Sangfor SSL VPN CS Support System VNIC
  1...........................Software Loopback Interface 1
===========================================================================

IPv4 路由表
===========================================================================
活动路由:
网络目标        网络掩码          网关       接口   跃点数
          0.0.0.0          0.0.0.0      192.168.0.1    192.168.0.195     35
        127.0.0.0        255.0.0.0            在链路上         127.0.0.1    331
        127.0.0.1  255.255.255.255            在链路上         127.0.0.1    331
  127.255.255.255  255.255.255.255            在链路上         127.0.0.1    331
      169.254.0.0      255.255.0.0            在链路上    169.254.134.57    281
   169.254.134.57  255.255.255.255            在链路上    169.254.134.57    281
  169.254.255.255  255.255.255.255            在链路上    169.254.134.57    281
      192.168.0.0    255.255.255.0            在链路上     192.168.0.195    291
    192.168.0.195  255.255.255.255            在链路上     192.168.0.195    291
    192.168.0.255  255.255.255.255            在链路上     192.168.0.195    291
     192.168.78.0    255.255.255.0            在链路上      192.168.78.1    291
     192.168.78.1  255.255.255.255            在链路上      192.168.78.1    291
   192.168.78.255  255.255.255.255            在链路上      192.168.78.1    291
    192.168.197.0    255.255.255.0            在链路上     192.168.197.1    291
    192.168.197.1  255.255.255.255            在链路上     192.168.197.1    291
  192.168.197.255  255.255.255.255            在链路上     192.168.197.1    291
        224.0.0.0        240.0.0.0            在链路上         127.0.0.1    331
        224.0.0.0        240.0.0.0            在链路上     192.168.0.195    291
        224.0.0.0        240.0.0.0            在链路上    169.254.134.57    281
        224.0.0.0        240.0.0.0            在链路上     192.168.197.1    291
        224.0.0.0        240.0.0.0            在链路上      192.168.78.1    291
  255.255.255.255  255.255.255.255            在链路上         127.0.0.1    331
  255.255.255.255  255.255.255.255            在链路上     192.168.0.195    291
  255.255.255.255  255.255.255.255            在链路上    169.254.134.57    281
  255.255.255.255  255.255.255.255            在链路上     192.168.197.1    291
  255.255.255.255  255.255.255.255            在链路上      192.168.78.1    291
===========================================================================
永久路由:
  无

IPv6 路由表
===========================================================================
活动路由:
 接口跃点数网络目标                网关
  1    331 ::1/128                  在链路上
  3    291 fe80::/64                在链路上
  8    281 fe80::/64                在链路上
  5    291 fe80::/64                在链路上
 12    291 fe80::/64                在链路上
  8    281 fe80::29b8:c49f:c1e:8639/128
                                    在链路上
  5    291 fe80::4501:3ae9:29ee:e72f/128
                                    在链路上
  3    291 fe80::c987:300:1376:8329/128
                                    在链路上
 12    291 fe80::fd75:7b6f:d918:5ae/128
                                    在链路上
  1    331 ff00::/8                 在链路上
  3    291 ff00::/8                 在链路上
  8    281 ff00::/8                 在链路上
  5    291 ff00::/8                 在链路上
 12    291 ff00::/8                 在链路上
===========================================================================
永久路由:
  无
  PsList v1.4 - Process information lister
Copyright (C) 2000-2016 Mark Russinovich
Sysinternals - www.sysinternals.com

Process information for DESKTOP-5R2AIB8:

Name                Pid Pri Thd  Hnd   Priv        CPU Time    Elapsed Time
Idle                  0   0   8    0     56    43:57:53.218     7:37:20.202
System                4   8 207 6860    196     0:40:29.078     7:37:20.202
Registry            120   8   4    0   1980     0:00:01.359     7:37:24.334
smss                432  11   2   53    520     0:00:00.234     7:37:20.199
csrss               716  13  11  763   1828     0:00:03.718     7:37:14.892
wininit             816  13   1  168   1456     0:00:00.078     7:37:12.963
csrss               828  13  15  889   2828     0:03:29.421     7:37:12.957
services            892   9   6  764   5648     0:00:21.296     7:37:12.887
lsass               900   9   9 1702   8828     0:00:19.015     7:37:12.842
winlogon            976  13   9  284   2908     0:00:00.656     7:37:12.683
svchost             588   8   1   85    920     0:00:00.000     7:37:12.657
svchost             628   8  26 1170  14528     0:00:35.625     7:37:12.642
fontdrvhost         832   8   5   48   1872     0:00:00.031     7:37:12.640
fontdrvhost        1000   8   5   48   6792     0:00:13.421     7:37:12.640
WUDFHost           1064  13  11  304   6356     0:00:17.593     7:37:12.627
svchost            1152   8  11 1535   8724     0:00:47.953     7:37:12.489
svchost            1236   8   7  384   3408     0:00:09.781     7:37:12.454
dwm                1316  13  11 1245 137632     0:32:04.031     7:37:12.368
svchost            1472   8   2  201   1680     0:00:00.437     7:37:12.269
svchost            1480   8  14  425   3812     0:00:00.421     7:37:12.268
svchost            1736   8   4  255   2628     0:00:00.218     7:37:12.231
svchost            1744   8   4  161   2168     0:00:00.078     7:37:12.231
svchost            1760   8  11  390   5968     0:00:04.421     7:37:12.226
svchost            1784   8   7  415  14476     0:00:03.390     7:37:12.225
svchost            1872   8   2  240   2700     0:00:00.187     7:37:12.200
svchost            1884   8   2  233   1948     0:00:00.015     7:37:12.193
svchost            1956   8   4  176   1928     0:00:00.218     7:37:12.177
svchost            2008   8   4  162   6000     0:00:02.500     7:37:12.156
svchost            1032   8   8  370   2916     0:00:04.968     7:37:12.142
svchost            1412   8   9  252   2664     0:00:15.187     7:37:12.124
svchost            2084   8   3  265   2720     0:00:00.234     7:37:12.115
igfxCUIService     2188   8   3  202   2332     0:00:00.109     7:37:12.085
svchost            2228   8   2  227   2420     0:00:00.125     7:37:12.074
WUDFHost           2296   8   6  252   1956     0:00:00.093     7:37:12.056
svchost            2320   8  13  396   5848     0:00:07.218     7:37:12.052
NVDisplay.Container  2332   8   7  314   4172     0:00:00.671     7:37:12.050
svchost            2460   8   3  284   1364     0:00:00.390     7:37:12.005
svchost            2472   8  10  441   3164     0:00:02.281     7:37:12.002
svchost            2528   8   3  189   1864     0:00:00.562     7:37:11.986
svchost            2544   8   7  162   1940     0:00:00.328     7:37:11.986
svchost            2684   8  12  244   4696     0:08:24.406     7:37:11.922
svchost            2692   8  11  437   3944     0:00:02.656     7:37:11.919
svchost            2836   8   4  209   2236     0:00:04.781     7:37:11.842
NVDisplay.Container  2980   8  25  614  33108     0:00:11.312     7:37:11.714
svchost            3000   8  14  448  11868     0:02:37.750     7:37:11.709
svchost            2400   8   2  184   1784     0:00:00.031     7:37:11.625
svchost            3108   8  11  413   3560     0:00:10.296     7:37:11.574
svchost            3168   8   4  204   1780     0:00:00.062     7:37:11.554
svchost            3248   8   6  190   2132     0:00:00.234     7:37:11.507
RtkAudioService64  3384   8   4  214   2092     0:00:00.109     7:37:11.485
svchost            3484   8   4  184   6096     0:00:17.203     7:37:11.461
svchost            3504   8   5  252   2480     0:00:00.125     7:37:11.455
svchost            3628   8   9  463   3724     0:00:00.703     7:37:11.424
svchost            3636   8   4  143   1844     0:00:00.343     7:37:11.423
svchost            3676   8   9  413   4508     0:00:30.281     7:37:11.413
svchost            3688   8  14  494  14200     0:00:12.140     7:37:11.409
ZhuDongFangYu      3748   8  20  419  16948     0:00:13.078     7:37:11.390
svchost            4092   8  11  417   5640     0:00:01.734     7:37:11.245
svchost            3984   8   5  252   3020     0:00:00.234     7:37:11.208
WmiPrvSE           4068   8   7  330  10828     0:02:21.125     7:37:11.192
spoolsv            4240   8   7  441   5696     0:00:00.296     7:37:11.122
wlanext            4340   8   9  178   2664     0:00:01.078     7:37:11.084
conhost            4384   8   2  119   6440     0:00:00.031     7:37:11.074
svchost            4416   8   1  214   2312     0:00:00.250     7:37:11.057
svchost            4568   8   6  476   3828     0:00:02.281     7:37:10.989
svchost            4648   8   4  209   2316     0:00:00.234     7:37:10.946
360DesktopService64  4708   8   2  130   1340     0:00:00.015     7:37:10.923
svchost            4720   8   1  110   1204     0:00:00.031     7:37:10.921
IntelCpHDCPSvc     4784   8   4  202   1884     0:00:00.046     7:37:10.909
svchost            4832   8   6  250   4000     0:00:00.859     7:37:10.899
svchost            4840   8  17  375  41560     0:00:24.265     7:37:10.898
ESurfingSvr        4876   8   6  200  14524     0:00:58.093     7:37:10.890
FlashHelperService  4892   8  39 1255  10972     0:00:01.453     7:37:10.888
svchost            4908   8   4  259   2680     0:00:03.640     7:37:10.878
esif_uf            4944  13   3  103   1508     0:00:00.015     7:37:10.871
nvcontainer        4976   8  38  722  13592     0:00:06.109     7:37:10.867
PnkBstrA           4996   8   2  165   1384     0:00:00.031     7:37:10.860
QQProtect          5044   8  21  466  22612     0:00:03.546     7:37:10.843
RtkBtAudioServ     5100   8   3  149   1656     0:00:00.031     7:37:10.829
svchost            4124   8  13  211   2336     0:00:00.109     7:37:10.822
RtkBtManServ       4176   8   2  146   2220     0:00:01.000     7:37:10.819
SangforPromoteService  4388   8  13  440   4884     0:00:11.953     7:37:10.814
SynTPEnhService    4764   8   3  248   1256     0:00:00.015     7:37:10.793
vmnetdhcp          5164   8   2   86   7836     0:00:00.046     7:37:10.775
sqlwriter          5172   8   2  136   1940     0:00:00.046     7:37:10.775
vmnat              5184   8   4  175   3516     0:00:05.484     7:37:10.759
Lavasoft.WCAssistant.WinService  5240   8   6  551  34820     0:00:03.765     7:37:10.717
vmware-usbarbitrator64  5264   8   3  226   2696     0:00:00.140     7:37:10.706
WDDriveService     5284   8  11  310   6304     0:00:09.250     7:37:10.704
svchost            5308   8   9  418   5188     0:00:00.640     7:37:10.686
svchost            5344   8  22  378   8112     0:00:01.906     7:37:10.666
vmware-authd       5428   8   6  339   9528     0:00:51.234     7:37:10.600
SynTPEnh           5504  10  12  876  16764     0:01:17.453     7:37:10.496
sqlceip            5584   6  12  593  35576     0:00:02.703     7:37:10.370
svchost            5884   8   1  134   1612     0:00:00.031     7:37:09.913
svchost            6064   8   2  108   1292     0:00:00.046     7:37:09.819
svchost            6200   8   4  196   2212     0:00:00.203     7:37:09.680
IntelCpHeciSvc     6276   8   4  181   1908     0:00:00.046     7:37:09.535
svchost            6284   8  15  405   3700     0:00:02.296     7:37:09.528
rundll32           6932   8   2  136   1708     0:00:00.093     7:37:08.305
svchost            7064   8   3  255   2328     0:00:07.109     7:37:08.093
SynTPHelper        7164  10   1   70   1060     0:00:00.031     7:37:07.826
sihost             2868   8  13  676   8148     0:00:23.093     7:37:07.796
svchost            2244   8  12  445   9984     0:00:21.812     7:37:07.767
PresentationFontCache  5864   8   4  241  25592     0:00:00.187     7:37:07.752
svchost            5996   8   9  906   9016     0:00:12.390     7:37:07.619
vmware-hostd       3544   8  24  477  37156     0:00:05.937     7:37:07.609
svchost            3268   8  10  283   4064     0:00:13.562     7:37:07.600
igfxEM             6768   8   6  519   6504     0:00:08.546     7:37:07.528
taskhostw          5968   8   9  345  11052     0:00:06.687     7:37:07.516
svchost            7272   8   4  221   2240     0:00:00.046     7:37:07.438
ctfmon             7320  13  12  964  14920     0:01:06.125     7:37:07.392
explorer           7516   8  97 4501 143648     0:03:26.187     7:37:07.227
svchost            7764   8   9  395   4980     0:00:00.984     7:37:06.647
svchost            7876   8   1  141   1580     0:00:00.078     7:37:06.385
svchost            7952   8   2  174   1892     0:00:00.343     7:37:06.307
ChsIME             7968   8   2  153   1668     0:00:00.046     7:37:06.295
NVIDIA Web Helper  8024   6  94  637  32448     0:00:06.703     7:37:06.225
conhost            8048   6   2  122   6528     0:00:00.500     7:37:06.163
svchost            7936   8   7  252   2944     0:00:00.453     7:37:03.778
ShellExperienceHost  8232   8  20  981  39184     0:00:07.359     7:37:03.199
SearchUI           8364   8  66 2076 150280     0:00:30.296     7:37:02.796
RuntimeBroker      8488   8   4  326   5940     0:00:01.062     7:37:02.591
RuntimeBroker      8608   8  19  664  19600     0:00:21.531     7:37:02.382
ECAgent            8984   8   9  353   5600     0:00:04.734     7:37:01.911
RemindersServer    9172   8   8  351   8120     0:00:01.281     7:37:01.571
SettingSyncHost    3308   6   3  433   6972     0:00:12.187     7:37:01.471
svchost            9432   8   4  180   2180     0:00:00.734     7:37:00.419
Video.UI           9652   8  17  696  21172     0:00:00.687     7:37:00.258
SearchIndexer      9768   8  65  834  41724     0:00:12.453     7:36:59.772
LockApp            9260   8  16  572  29764     0:00:00.921     7:36:58.818
RuntimeBroker     10860   8   3  329   5964     0:00:02.234     7:36:57.778
dllhost           11036   8   3  469  14472     0:00:47.468     7:36:57.545
WindowsInternal.ComposableShell.Experiences.TextInput.InputApp 11064   8  24  872  34448     0:00:05.093     7:36:57.522
svchost           10468   8   2  147   1672     0:00:00.093     7:36:57.067
nvcontainer       10500   8  16  359   7360     0:00:05.546     7:36:57.028
nvcontainer       10632   8  24  506  45816     0:01:17.062     7:36:56.831
RuntimeBroker     11872   8   1  170   2016     0:00:00.078     7:36:54.126
nvsphelper64      12792   8   5  226   2976     0:00:00.890     7:36:52.142
NVIDIA Share      12836   8  27  728  33876     0:00:20.906     7:36:52.128
NVIDIA Share      13288   8  12  484  46444     0:00:01.453     7:36:51.202
NVIDIA Share       8592   8  16  362  64052     0:00:16.500     7:36:50.860
SecurityHealthSystray 13004   8   1  153   1928     0:00:00.062     7:36:49.461
SecurityHealthService 12956   8  10  408   3936     0:00:00.640     7:36:49.389
RtkNGUI64         12080   8   7  490   7916     0:00:00.468     7:36:48.912
CastSrv           12804   8   6  321   3932     0:00:01.109     7:36:48.259
360DesktopLite64  12968   8  27  842  52480     0:00:27.000     7:36:47.798
svchost           10276   8   7  237   4600     0:00:00.593     7:36:47.444
RuntimeBroker     12184   8   2  288   5664     0:00:02.781     7:36:46.927
chrome             8300   8  42 1847 102904     0:03:13.593     7:36:42.644
chrome             3780   8   7  211   1828     0:00:00.046     7:36:42.606
chrome            12692   8   2  145   2040     0:00:00.031     7:36:42.483
chrome             8924  10  15 1497 384908     0:04:47.500     7:36:41.733
chrome             7688   8  18  613  33584     0:00:51.937     7:36:41.713
WDDriveAgent      11396   8   5  239   4340     0:00:10.812     7:36:41.690
SogouCloud        12980   8  30  620  20368     0:03:22.906     7:36:41.312
chrome             3512   8  15  244  27136     0:00:03.828     7:36:41.311
chrome             5656   4  17  321 126384     0:09:00.062     7:36:37.794
chrome             7496   8  32  798 221064     0:02:17.171     7:36:37.769
svchost            1576   8   1  116   1348     0:00:00.125     7:35:59.864
360Newsld          1160   8   6  389   8272     0:00:01.250     7:35:47.467
svchost            8768   8   4  466   6732     0:00:01.234     7:35:45.064
svchost           15388   8   3  270   3940     0:00:00.765     7:35:43.449
SgrmBroker        11480   8   5   85   3212     0:00:00.328     7:34:59.531
svchost           10684   8   7  387  13064     0:00:00.812     7:34:59.205
svchost           15372   8   5  223   2712     0:00:00.203     7:34:58.934
SogouImeBroker     4492   8   3  291   6136     0:00:00.171     7:34:48.640
dllhost           10092   8   7  261   5252     0:00:00.515     7:34:47.731
QQ                10376   8 108 2000 331360     0:07:29.250     7:34:26.499
TXPlatform        10868   8   2  220   4480     0:00:00.125     7:34:24.621
LankuaiX           3816   8   7  219   3136     0:00:00.468     7:34:12.911
Microsoft.Photos   8556   8  14  858  49476     0:00:03.234     7:16:59.984
RuntimeBroker     10104   8   3  391   9332     0:00:02.609     7:16:58.420
wps               13688   8  82 2008 151140     0:00:23.781     7:08:48.542
wpscenter          5720   8   9  908 156544     0:03:29.953     7:08:24.333
explorer           3188   8  38 2016 121740     0:00:34.000     6:43:24.766
audiodg            1180   8  46 1201  46720     0:27:04.078     6:43:09.437
QQLiveService      3288   8  39  727  33708     0:00:02.375     6:42:12.466
notepad            9380   8   5  447  10912     0:00:05.703     6:24:33.416
vmware             8140   8  18  777  64068     0:00:26.515     6:05:56.716
vmware-unity-helper  8156   8   2  288   7164     0:00:00.250     6:02:31.146
vmware-vmx         4528   8  19  636 249616     0:06:03.921     6:02:28.863
YourPhone          8528   8  19  491  32752     0:00:00.562     4:35:50.463
RuntimeBroker     17436   8   2  145   1792     0:00:00.015     4:35:49.799
svchost           18772   8   3  117   1300     0:00:00.031     3:45:17.085
wemeetlauncher    18960   8   7  261   7600     0:00:00.156     3:44:46.550
wps               17728   8  46 1467 172300     0:00:08.546     3:40:47.803
wpspdf            13520   8  38 1522 177824     0:00:56.984     3:40:47.658
promecefpluginhost    32   8  23  628 145088     0:00:00.734     3:15:42.925
wps               17744   8  17  336  26680     0:00:00.500     3:15:39.670
svchost            6400   8   8  310   4576     0:00:01.062     2:59:08.080
svchost            7040   8  12  401   9440     0:00:00.328     2:56:27.433
chrome            13812   4  15  321  47036     0:00:04.234     2:24:58.402
chrome             7220   4  15  347  33752     0:00:00.937     2:24:28.560
chrome            16512   4  15  303  47800     0:00:09.484     2:23:35.569
XMP               13176   8  35  912 233724     0:04:22.000     0:54:49.673
chrome             4956   4  15  341  52900     0:00:17.890     0:49:55.825
dasHost           14252   8   1   89   1032     0:00:00.031     0:48:19.246
QQLive             3604   8 120 1616 315108     0:00:41.125     0:48:17.376
QQLive            13388   8  12  225   9180     0:00:00.328     0:48:00.298
QQLiveBrowser      7408   8  12  323  68936     0:00:00.750     0:47:59.216
svchost            4768   8  16  721 376064     0:01:24.187     0:30:32.001
GameBar           17748   8  28  816  43104     0:00:03.890     0:30:30.215
RuntimeBroker     14972   8   2  302   3408     0:00:00.578     0:30:29.924
GameBarFT         19356   8   2  269   2756     0:00:00.437     0:30:29.714
WmiPrvSE           6228   8   5  343  15312     0:00:04.421     0:26:28.511
chrome            17012   8  10  304   7244     0:00:08.328     0:26:20.410
explorer          16848   8  27 1674  93268     0:00:05.156     0:22:28.122
360zip            10884   8   4  609  39568     0:00:05.468     0:21:12.868
chrome            13832   4  15  290  62680     0:00:07.671     0:20:41.518
chrome             6148   4  14  263  21096     0:00:00.546     0:11:29.522
chrome            11664   4  22  362  53844     0:00:03.484     0:10:45.680
svchost            8680   8   2  124   2548     0:00:00.046     0:10:14.603
chrome             3992   4  14  220  12828     0:00:00.062     0:01:52.856
svchost           15224   8   6  158   2092     0:00:00.343     0:01:25.626
cmd                7860   8   4   78   5412     0:00:00.046     0:00:05.662
conhost           18604   8  11  406  16308     0:00:00.593     0:00:05.647
pslist            18964  13   8  394   9180     0:00:00.937     0:00:02.131
backgroundTaskHost 13492   8  10  340   6328     0:00:00.484     0:00:01.797
